// Vitest Snapshot v1, https://vitest.dev/guide/snapshot.html

exports[`scoreStock — golden fixture > produces a stable scored trade for a clean uptrend series 1`] = `
{
  "capitalRequired": 9884,
  "checklist": {
    "dow": true,
    "indicators": false,
    "pattern": false,
    "priorTrend": false,
    "riskReward": true,
    "srLevel": false,
    "volume": false,
  },
  "confidenceScore": 51,
  "estimatedDays": 13,
  "quantity": 66,
  "riskLevel": "Medium",
  "riskRewardRatio": 3,
  "scoreBreakdown": {
    "fundamentals": 5.6,
    "marketContext": 10,
    "momentum": 0,
    "patterns": 0,
    "priceAction": 0,
    "psychology": 4,
    "riskReward": 12,
    "structure": 2,
    "trend": 13,
    "volume": 4,
  },
  "setupType": "Bollinger Squeeze",
}
`;
